// Jest Snapshot v1, https://goo.gl/fbAQLP

exports[`<Home/> should match snapshot 1`] = `
<div
  class="app"
>
  <label>
    <h1>
      Pesquise: 
    </h1>
    <input
      data-testid="search"
      type="text"
      value=""
    />
  </label>
  <div
    class="container"
  />
  <button>
    VER MAIS
  </button>
</div>
`;
